// Jest Snapshot v1, https://goo.gl/fbAQLP

exports[`renders the property tree correctly 1`] = `
<div>
  <div>
    <div
      class="rst__tree"
    >
      <div
        class="rst__node"
        style="height: 62px;"
      >
        <div
          class="rst__lineBlock rst__lineHalfHorizontalRight rst__lineHalfVerticalBottom"
          style="width: 44px;"
        />
        <div
          class="rst__nodeContent"
          style="left: 44px;"
        >
          <div
            style="height: 100%;"
          >
            <div
              class="rst__rowWrapper"
            >
              <div
                class="rst__row"
                style="opacity: 1;"
              >
                <div
                  class="rst__moveHandle"
                  draggable="true"
                />
                <div
                  class="rst__rowContents"
                >
                  <div
                    class="rst__rowLabel"
                  >
                    <span
                      class="rst__rowTitle"
                    >
                      <a
                        class="lbh-link govuk-link"
                        href="/property/14edf718-19ff-ff43-4679-f8ef404fa029"
                      >
                        Frampton Park Estate
                      </a>
                    </span>
                  </div>
                  <div
                    class="rst__rowToolbar"
                  />
                </div>
              </div>
            </div>
          </div>
        </div>
      </div>
      <div
        class="rst__node"
        style="height: 62px;"
      >
        <div
          class="rst__lineBlock rst__lineHalfVerticalTop rst__lineHalfHorizontalRight"
          style="width: 44px;"
        />
        <div
          class="rst__nodeContent"
          style="left: 44px;"
        >
          <div
            style="height: 100%;"
          >
            <div>
              <button
                aria-label="Collapse"
                class="rst__collapseButton"
                style="left: -22px;"
                type="button"
              />
              <div
                class="rst__lineChildren"
                style="width: 44px;"
              />
            </div>
            <div
              class="rst__rowWrapper"
            >
              <div
                class="rst__row"
                style="opacity: 1;"
              >
                <div
                  class="rst__moveHandle"
                  draggable="true"
                />
                <div
                  class="rst__rowContents"
                >
                  <div
                    class="rst__rowLabel"
                  >
                    <span
                      class="rst__rowTitle"
                    >
                      <a
                        class="lbh-link govuk-link"
                        href="/property/a65918aa-e441-bc34-e49d-fa8671f768da"
                      >
                        1-93 Pitcairn House
                      </a>
                    </span>
                  </div>
                  <div
                    class="rst__rowToolbar"
                  />
                </div>
              </div>
            </div>
          </div>
        </div>
      </div>
      <div
        class="rst__node"
        style="height: 62px;"
      >
        <div
          class="rst__lineBlock"
          style="width: 44px;"
        />
        <div
          class="rst__lineBlock rst__lineHalfVerticalTop rst__lineHalfHorizontalRight"
          style="width: 44px;"
        />
        <div
          class="rst__nodeContent"
          style="left: 88px;"
        >
          <div
            style="height: 100%;"
          >
            <div>
              <button
                aria-label="Collapse"
                class="rst__collapseButton"
                style="left: -22px;"
                type="button"
              />
              <div
                class="rst__lineChildren"
                style="width: 44px;"
              />
            </div>
            <div
              class="rst__rowWrapper"
            >
              <div
                class="rst__row"
                style="opacity: 1;"
              >
                <div
                  class="rst__moveHandle"
                  draggable="true"
                />
                <div
                  class="rst__rowContents"
                >
                  <div
                    class="rst__rowLabel"
                  >
                    <span
                      class="rst__rowTitle"
                    >
                      12 PITCAIRN HOUSE (this asset)
                    </span>
                  </div>
                  <div
                    class="rst__rowToolbar"
                  />
                </div>
              </div>
            </div>
          </div>
        </div>
      </div>
      <div
        class="rst__node"
        style="height: 62px;"
      >
        <div
          class="rst__lineBlock"
          style="width: 44px;"
        />
        <div
          class="rst__lineBlock"
          style="width: 44px;"
        />
        <div
          class="rst__lineBlock rst__lineHalfHorizontalRight rst__lineFullVertical"
          style="width: 44px;"
        />
        <div
          class="rst__nodeContent"
          style="left: 132px;"
        >
          <div
            style="height: 100%;"
          >
            <div
              class="rst__rowWrapper"
            >
              <div
                class="rst__row"
                style="opacity: 1;"
              >
                <div
                  class="rst__moveHandle"
                  draggable="true"
                />
                <div
                  class="rst__rowContents"
                >
                  <div
                    class="rst__rowLabel"
                  >
                    <span
                      class="rst__rowTitle"
                    >
                      <a
                        class="lbh-link govuk-link"
                        href="/property/77ec7c49-1ec5-0ef5-bd51-3fbccce7e96e"
                      >
                        Gge 12 Pitcairn House St Thomass Square
                      </a>
                    </span>
                  </div>
                  <div
                    class="rst__rowToolbar"
                  />
                </div>
              </div>
            </div>
          </div>
        </div>
      </div>
      <div
        class="rst__node"
        style="height: 62px;"
      >
        <div
          class="rst__lineBlock"
          style="width: 44px;"
        />
        <div
          class="rst__lineBlock"
          style="width: 44px;"
        />
        <div
          class="rst__lineBlock rst__lineHalfVerticalTop rst__lineHalfHorizontalRight"
          style="width: 44px;"
        />
        <div
          class="rst__nodeContent"
          style="left: 132px;"
        >
          <div
            style="height: 100%;"
          >
            <div
              class="rst__rowWrapper"
            >
              <div
                class="rst__row"
                style="opacity: 1;"
              >
                <div
                  class="rst__moveHandle"
                  draggable="true"
                />
                <div
                  class="rst__rowContents"
                >
                  <div
                    class="rst__rowLabel"
                  >
                    <span
                      class="rst__rowTitle"
                    >
                      <a
                        class="lbh-link govuk-link"
                        data-testid="related-assets-link"
                        href="/property/related/2d13b5cb-baf2-91fd-c231-8c5c2ee9548c"
                      >
                        Search for all related propertiesâ€¦
                      </a>
                    </span>
                  </div>
                  <div
                    class="rst__rowToolbar"
                  />
                </div>
              </div>
            </div>
          </div>
        </div>
      </div>
    </div>
  </div>
</div>
`;
